Warning[w67]: Using "-r" causes XLINK to select modules that are adapted for use with the C-SPY debugger. This affects all output files, including those generated by -O.
################################################################################
#                                                                              #
#      IAR Universal Linker V4.60D/386                                         #
#                                                                              #
#           Link time     =  06/Dec/2011  10:43:26                             #
#           Target CPU    =  x51                                               #
#           List file     =  "C:\Texas Instruments\TI-MAC-1.0.1\Projects\mac\S #
#                            ample\cc2430\IAR Project\bin\CC2430EB_ObjBuild\Li #
#                            st\msa_cc2430.map"                                #
#           Output file 1 =  "C:\Texas Instruments\TI-MAC-1.0.1\Projects\mac\S #
#                            ample\cc2430\IAR Project\bin\CC2430EB_ObjBuild\Ex #
#                            e\msa_cc2430.d51"                                 #
#                            Format: debug                                     #
#                            UBROF version 10.0.2                              #
#                            Using library modules for C-SPY (-rt)             #
#           Output file 2 =  "C:\Texas Instruments\TI-MAC-1.0.1\Projects\mac\S #
#                            ample\cc2430\IAR Project\bin\CC2430EB_ObjBuild\Ex #
#                            e\msa_cc2430.hex"                                 #
#                            Format: intel-extended                            #
#           Command line  =  "-IC:\Programmi\IAR Systems\Embedded Workbench 4. #
#                            05 Evaluation version\8051\CONFIG\"               #
#                            "C:\Texas Instruments\TI-MAC-1.0.1\Projects\mac\L #
#                            ibraries\cc2430\IAR\bin\Lib\macLib_cc2430.lib"    #
#                            "C:\Texas Instruments\TI-MAC-1.0.1\Projects\mac\S #
#                            ample\cc2430\IAR Project\bin\CC2430EB_ObjBuild\Ob #
#                            j\OSAL.r51"                                       #
#                            "C:\Texas Instruments\TI-MAC-1.0.1\Projects\mac\S #
#                            ample\cc2430\IAR Project\bin\CC2430EB_ObjBuild\Ob #
#                            j\OSAL_Memory.r51"                                #
#                            "C:\Texas Instruments\TI-MAC-1.0.1\Projects\mac\S #
#                            ample\cc2430\IAR Project\bin\CC2430EB_ObjBuild\Ob #
#                            j\OSAL_PwrMgr.r51"                                #
#                            "C:\Texas Instruments\TI-MAC-1.0.1\Projects\mac\S #
#                            ample\cc2430\IAR Project\bin\CC2430EB_ObjBuild\Ob #
#                            j\OSAL_Tasks.r51"                                 #
#                            "C:\Texas Instruments\TI-MAC-1.0.1\Projects\mac\S #
#                            ample\cc2430\IAR Project\bin\CC2430EB_ObjBuild\Ob #
#                            j\OSAL_Timers.r51"                                #
#                            "C:\Texas Instruments\TI-MAC-1.0.1\Projects\mac\S #
#                            ample\cc2430\IAR Project\bin\CC2430EB_ObjBuild\Ob #
#                            j\hal_adc.r51"                                    #
#                            "C:\Texas Instruments\TI-MAC-1.0.1\Projects\mac\S #
#                            ample\cc2430\IAR Project\bin\CC2430EB_ObjBuild\Ob #
#                            j\hal_assert.r51"                                 #
#                            "C:\Texas Instruments\TI-MAC-1.0.1\Projects\mac\S #
#                            ample\cc2430\IAR Project\bin\CC2430EB_ObjBuild\Ob #
#                            j\hal_drivers.r51"                                #
#                            "C:\Texas Instruments\TI-MAC-1.0.1\Projects\mac\S #
#                            ample\cc2430\IAR Project\bin\CC2430EB_ObjBuild\Ob #
#                            j\hal_key.r51"                                    #
#                            "C:\Texas Instruments\TI-MAC-1.0.1\Projects\mac\S #
#                            ample\cc2430\IAR Project\bin\CC2430EB_ObjBuild\Ob #
#                            j\hal_lcd.r51"                                    #
#                            "C:\Texas Instruments\TI-MAC-1.0.1\Projects\mac\S #
#                            ample\cc2430\IAR Project\bin\CC2430EB_ObjBuild\Ob #
#                            j\hal_led.r51"                                    #
#                            "C:\Texas Instruments\TI-MAC-1.0.1\Projects\mac\S #
#                            ample\cc2430\IAR Project\bin\CC2430EB_ObjBuild\Ob #
#                            j\hal_sleep.r51"                                  #
#                            "C:\Texas Instruments\TI-MAC-1.0.1\Projects\mac\S #
#                            ample\cc2430\IAR Project\bin\CC2430EB_ObjBuild\Ob #
#                            j\hal_target.r51"                                 #
#                            "C:\Texas Instruments\TI-MAC-1.0.1\Projects\mac\S #
#                            ample\cc2430\IAR Project\bin\CC2430EB_ObjBuild\Ob #
#                            j\hal_timer.r51"                                  #
#                            "C:\Texas Instruments\TI-MAC-1.0.1\Projects\mac\S #
#                            ample\cc2430\IAR Project\bin\CC2430EB_ObjBuild\Ob #
#                            j\hal_uart.r51"                                   #
#                            "C:\Texas Instruments\TI-MAC-1.0.1\Projects\mac\S #
#                            ample\cc2430\IAR Project\bin\CC2430EB_ObjBuild\Ob #
#                            j\mac_backoff_timer.r51"                          #
#                            "C:\Texas Instruments\TI-MAC-1.0.1\Projects\mac\S #
#                            ample\cc2430\IAR Project\bin\CC2430EB_ObjBuild\Ob #
#                            j\mac_cfg.r51"                                    #
#                            "C:\Texas Instruments\TI-MAC-1.0.1\Projects\mac\S #
#                            ample\cc2430\IAR Project\bin\CC2430EB_ObjBuild\Ob #
#                            j\mac_csp_tx.r51"                                 #
#                            "C:\Texas Instruments\TI-MAC-1.0.1\Projects\mac\S #
#                            ample\cc2430\IAR Project\bin\CC2430EB_ObjBuild\Ob #
#                            j\mac_low_level.r51"                              #
#                            "C:\Texas Instruments\TI-MAC-1.0.1\Projects\mac\S #
#                            ample\cc2430\IAR Project\bin\CC2430EB_ObjBuild\Ob #
#                            j\mac_mcu.r51"                                    #
#                            "C:\Texas Instruments\TI-MAC-1.0.1\Projects\mac\S #
#                            ample\cc2430\IAR Project\bin\CC2430EB_ObjBuild\Ob #
#                            j\mac_mem.r51"                                    #
#                            "C:\Texas Instruments\TI-MAC-1.0.1\Projects\mac\S #
#                            ample\cc2430\IAR Project\bin\CC2430EB_ObjBuild\Ob #
#                            j\mac_radio.r51"                                  #
#                            "C:\Texas Instruments\TI-MAC-1.0.1\Projects\mac\S #
#                            ample\cc2430\IAR Project\bin\CC2430EB_ObjBuild\Ob #
#                            j\mac_radio_defs.r51"                             #
#                            "C:\Texas Instruments\TI-MAC-1.0.1\Projects\mac\S #
#                            ample\cc2430\IAR Project\bin\CC2430EB_ObjBuild\Ob #
#                            j\mac_random.r51"                                 #
#                            "C:\Texas Instruments\TI-MAC-1.0.1\Projects\mac\S #
#                            ample\cc2430\IAR Project\bin\CC2430EB_ObjBuild\Ob #
#                            j\mac_rx.r51"                                     #
#                            "C:\Texas Instruments\TI-MAC-1.0.1\Projects\mac\S #
#                            ample\cc2430\IAR Project\bin\CC2430EB_ObjBuild\Ob #
#                            j\mac_rx_onoff.r51"                               #
#                            "C:\Texas Instruments\TI-MAC-1.0.1\Projects\mac\S #
#                            ample\cc2430\IAR Project\bin\CC2430EB_ObjBuild\Ob #
#                            j\mac_sleep.r51"                                  #
#                            "C:\Texas Instruments\TI-MAC-1.0.1\Projects\mac\S #
#                            ample\cc2430\IAR Project\bin\CC2430EB_ObjBuild\Ob #
#                            j\mac_tx.r51"                                     #
#                            "C:\Texas Instruments\TI-MAC-1.0.1\Projects\mac\S #
#                            ample\cc2430\IAR Project\bin\CC2430EB_ObjBuild\Ob #
#                            j\msa.r51"                                        #
#                            "C:\Texas Instruments\TI-MAC-1.0.1\Projects\mac\S #
#                            ample\cc2430\IAR Project\bin\CC2430EB_ObjBuild\Ob #
#                            j\msa_Main.r51"                                   #
#                            "C:\Texas Instruments\TI-MAC-1.0.1\Projects\mac\S #
#                            ample\cc2430\IAR Project\bin\CC2430EB_ObjBuild\Ob #
#                            j\msa_Osal.r51"                                   #
#                            "C:\Texas Instruments\TI-MAC-1.0.1\Projects\mac\S #
#                            ample\cc2430\IAR Project\bin\CC2430EB_ObjBuild\Ob #
#                            j\saddr.r51"                                      #
#                            -o                                                #
#                            "C:\Texas Instruments\TI-MAC-1.0.1\Projects\mac\S #
#                            ample\cc2430\IAR Project\bin\CC2430EB_ObjBuild\Ex #
#                            e\msa_cc2430.d51"                                 #
#                            -l                                                #
#                            "C:\Texas Instruments\TI-MAC-1.0.1\Projects\mac\S #
#                            ample\cc2430\IAR Project\bin\CC2430EB_ObjBuild\Li #
#                            st\msa_cc2430.map"                                #
#                            -xms                                              #
#                            "-IC:\Texas Instruments\TI-MAC-1.0.1\Projects\mac #
#                            \Sample\cc2430\IAR Project\..\..\..\tools\cc2430\ #
#                            "                                                 #
#                            -f lnk51ew_cc2430.xcl (-D_IDATA_END=0xFF          #
#                            -D_PDATA_START=0xEF00 -D_PDATA_END=0xEFFF         #
#                            -D_IXDATA_START=0xF000 -D_IXDATA_END=0xFD53       #
#                            -D_XDATA_START=_IXDATA_START                      #
#                            -D_XDATA_END=_IXDATA_END -D_CODE_START=0x0000     #
#                            -D_CODE_END=0xFFFF -D_NEAR_CODE_END=0xFFFF        #
#                            -D_TINY_CODE_END=0x7FF                            #
#                            -D_FIRST_BANK_ADDR=0x10000 -D_NR_OF_BANKS=0x03    #
#                            -D?REGISTER_BANK=0 -D_REGISTER_BANK_START=0       #
#                            -D?PBANK_NUMBER=EF -D?PBANK=93                    #
#                            -D_BREG_START=0x00 -D?VB=0x20                     #
#                            -D_FAR_DATA_NR_OF_BANKS=0x0E                      #
#                            -D_FAR_DATA_START=0x010001                        #
#                            -D_FAR_DATA_END=0xFFFFFF                          #
#                            -D_FAR_CODE_START=_CODE_START                     #
#                            -D_FAR_CODE_END=_CODE_END -f lnk_base.xcl         #
#                            (-Z(BIT)BREG=_BREG_START -Z(BIT)BIT_N=0-7F        #
#                            -Z(DATA)REGISTERS+8=_REGISTER_BANK_START          #
#                            -Z(DATA)BDATA_Z,BDATA_N,BDATA_I=20-2F             #
#                            -Z(DATA)VREG+_NR_OF_VIRTUAL_REGISTERS=08-7F       #
#                            -Z(DATA)PSP,XSP=08-7F -Z(DATA)DOVERLAY=08-7F      #
#                            -Z(DATA)DATA_I,DATA_Z,DATA_N=08-7F                #
#                            -U(IDATA)0-7F=(DATA)0-7F                          #
#                            -Z(IDATA)IDATA_I,IDATA_Z,IDATA_N=08-_IDATA_END    #
#                            -Z(IDATA)ISTACK+_IDATA_STACK_SIZE#08-_IDATA_END   #
#                            -Z(IDATA)IOVERLAY=08-FF -Z(CODE)INTVEC=0          #
#                            -Z(CODE)CSTART=_CODE_START-_CODE_END              #
#                            -Z(CODE)RCODE=_CODE_START-_CODE_END               #
#                            -Z(CODE)TINY_CODE=_CODE_START-_TINY_CODE_END      #
#                            -Z(CODE)NEAR_CODE=_CODE_START-_NEAR_CODE_END      #
#                            -Z(CODE)DIFUNCT=_CODE_START-_CODE_END             #
#                            -Z(CODE)FAR_CODE=_CODE_START-_CODE_END            #
#                            -P(CODE)BANKED_CODE=[(_CODEBANK_START+_FIRST_BANK #
#                            _ADDR)-(_CODEBANK_END+_FIRST_BANK_ADDR)]*_NR_OF_B #
#                            ANKS+10000                                        #
#                            -Z(CODE)BIT_ID,BDATA_ID,DATA_ID,IDATA_ID,IXDATA_I #
#                            D,PDATA_ID,XDATA_ID=_CODE_START-_CODE_END         #
#                            -Z(CODE)HUGE_ID=_FAR_CODE_START-_FAR_CODE_END     #
#                            -Z(CODE)CODE_C=_CODE_START-_CODE_END              #
#                            -Z(CODE)FAR_CODE_C=_FAR_CODE_START-_FAR_CODE_END  #
#                            -Z(CODE)HUGE_CODE_C=_FAR_CODE_START-_FAR_CODE_END #
#                            -Z(CODE)CHECKSUM#_CODE_END                        #
#                            -Z(XDATA)EXT_STACK+_EXTENDED_STACK_SIZE=_EXTENDED #
#                            _STACK_START-_EXTENDED_STACK_END                  #
#                            -Z(XDATA)PSTACK+_PDATA_STACK_SIZE=_PDATA_START-_P #
#                            DATA_END                                          #
#                            -Z(XDATA)XSTACK+_XDATA_STACK_SIZE=_XDATA_START-_X #
#                            DATA_END                                          #
#                            -Z(XDATA)PDATA_N,PDATA_Z,PDATA_I=_PDATA_START-_PD #
#                            ATA_END                                           #
#                            -Z(XDATA)IXDATA_N,IXDATA_Z,IXDATA_I=_IXDATA_START #
#                            -_IXDATA_END                                      #
#                            -Z(XDATA)XDATA_N,XDATA_Z,XDATA_I=_XDATA_START-_XD #
#                            ATA_END                                           #
#                            -Z(XDATA)XDATA_HEAP+_XDATA_HEAP_SIZE=_XDATA_START #
#                            -_XDATA_END                                       #
#                            -Z(CONST)XDATA_ROM_C=_XDATA_START-_XDATA_END      #
#                            -Z(SPLIT-XDATA)FAR_Z=[_FAR_DATA_START-_FAR_DATA_E #
#                            ND]/10000                                         #
#                            -Z(SPLIT-XDATA)FAR_I=[_FAR_DATA_START-_FAR_DATA_E #
#                            ND]/10000                                         #
#                            -Z(SPLIT-CODE)FAR_ID=[_FAR_CODE_START-_FAR_CODE_E #
#                            ND]/10000                                         #
#                            -Z(SPLIT-XDATA)FAR_HEAP+_FAR_HEAP_SIZE=[_FAR_DATA #
#                            _START-_FAR_DATA_END]/10000                       #
#                            -P(XDATA)FAR_N=[_FAR_DATA_START-_FAR_DATA_END]*_F #
#                            AR_DATA_NR_OF_BANKS+10000                         #
#                            -P(CONST)FAR_ROM_C=[_FAR_DATA_START-_FAR_DATA_END #
#                            ]*E+10000                                         #
#                            -Z(XDATA)HUGE_N,HUGE_Z,HUGE_I=_FAR_DATA_START-_FA #
#                            R_DATA_END                                        #
#                            -Z(XDATA)HUGE_HEAP+_HUGE_HEAP_SIZE=_FAR_DATA_STAR #
#                            T-_FAR_DATA_END                                   #
#                            -Z(CONST)HUGE_ROM_C=_FAR_DATA_START-_FAR_DATA_END #
#                            -cx51) -D_PM0_XDATA_START=E000                    #
#                            -D_PM0_XDATA_END=EFFF                             #
#                            -Z(XDATA)PM0_XDATA=_PM0_XDATA_START-_PM0_XDATA_EN #
#                            D                                                 #
#                            -D_IEEE_ADDRESS_SPACE_START=(_CODE_END-7)         #
#                            -D_IEEE_ADDRESS_SPACE_END=_CODE_END               #
#                            -Z(CODE)IEEE_ADDRESS_SPACE=_IEEE_ADDRESS_SPACE_ST #
#                            ART-_IEEE_ADDRESS_SPACE_END)                      #
#                            -D_NR_OF_VIRTUAL_REGISTERS=8                      #
#                            -D_CODEBANK_START=0 -D_CODEBANK_END=0 -rt         #
#                            "-Ointel-extended=C:\Texas Instruments\TI-MAC-1.0 #
#                            .1\Projects\mac\Sample\cc2430\IAR Project\bin\CC2 #
#                            430EB_ObjBuild\Exe\msa_cc2430.hex"                #
#                            -s __program_start                                #
#                            "C:\Programmi\IAR Systems\Embedded Workbench 4.05 #
#                             Evaluation version\8051\LIB\CLIB\cl-pli-nlxd-1e1 #
#                            6x01.r51"                                         #
#                            -D_IDATA_STACK_SIZE=0x40                          #
#                            -D_EXTENDED_STACK_START=0x00                      #
#                            -D_EXTENDED_STACK_END=0x00                        #
#                            -D_EXTENDED_STACK_SIZE=0x00                       #
#                            -D_PDATA_STACK_SIZE=0x80                          #
#                            -D_XDATA_STACK_SIZE=0x100                         #
#                            -D_XDATA_HEAP_SIZE=0xFF -D_FAR_HEAP_SIZE=0xFFF    #
#                            -D_HUGE_HEAP_SIZE=0xFFF                           #
#                                                                              #
#                        Copyright 1987-2006 IAR Systems. All rights reserved. #
################################################################################





                ****************************************
                *                                      *
                *           CROSS REFERENCE            *
                *                                      *
                ****************************************

       Program entry at : CODE      000000FC  Relocatable, from module : CSTARTUP




                ****************************************
                *                                      *
                *            RUNTIME MODEL             *
                *                                      *
                ****************************************

  __calling_convention     = xdata_reentrant
  __code_model             = near
  __core                   = plain
  __data_model             = large
  __dptr_size              = 16
  __extended_stack         = disabled
  __location_for_constants = data
  __number_of_dptrs        = 1
  __rt_version             = 1



                ****************************************
                *                                      *
                *              MODULE MAP              *
                *                                      *
                ****************************************


  DEFINED ABSOLUTE ENTRIES
    *************************************************************************

  DEFINED ABSOLUTE ENTRIES
  PROGRAM MODULE, NAME : ?ABS_ENTRY_MOD

Absolute parts
           ENTRY                   ADDRESS         REF BY
           =====                   =======         ======
           _HUGE_HEAP_SIZE         00000FFF 
           _FAR_HEAP_SIZE          00000FFF 
           _XDATA_HEAP_SIZE        000000FF 
           _XDATA_STACK_SIZE       00000100 
           _PDATA_STACK_SIZE       00000080 
           _EXTENDED_STACK_SIZE    00000000 
           _EXTENDED_STACK_END     00000000 
           _EXTENDED_STACK_START   00000000 
           _IDATA_STACK_SIZE       00000040 
           _CODEBANK_END           00000000 
           _CODEBANK_START         00000000 
           _NR_OF_VIRTUAL_REGISTERS
                                   00000008 
           _IEEE_ADDRESS_SPACE_END
                                   0000FFFF 
           _IEEE_ADDRESS_SPACE_START
                                   0000FFF8 
           _PM0_XDATA_END          0000EFFF 
           _PM0_XDATA_START        0000E000 
           _FAR_CODE_END           0000FFFF 
           _FAR_CODE_START         00000000 
           _FAR_DATA_END           00FFFFFF 
           _FAR_DATA_START         00010001 
           _FAR_DATA_NR_OF_BANKS   0000000E 
           ?VB                     00000020        ?FUNC_ENTER_XDATA (?FUNC_ENTER_XDATA)
                                                   ?FUNC_LEAVE_XDATA (?FUNC_LEAVE_XDATA)
                                                   ?INTERRUPT_ENTER_XSP (?INTERRUPT_ENTER_XSP)
                                                   ?INTERRUPT_LEAVE_XSP (?INTERRUPT_LEAVE_XSP)
           _BREG_START             00000000 
           ?PBANK                  00000093 
           ?PBANK_NUMBER           000000EF 
           _REGISTER_BANK_START    00000000 
           ?REGISTER_BANK          00000000        Segment part 6 (CSTARTUP)
           _NR_OF_BANKS            00000003 
           _FIRST_BANK_ADDR        00010000 
           _TINY_CODE_END          000007FF 
           _NEAR_CODE_END          0000FFFF 
           _CODE_END               0000FFFF 
           _CODE_START             00000000 
           _XDATA_END              0000FD53 
           _XDATA_START            0000F000 
           _IXDATA_END             0000FD53 
           _IXDATA_START           0000F000 
           _PDATA_END              0000EFFF 
           _PDATA_START            0000EF00 
           _IDATA_END              000000FF 
    *************************************************************************

  FILE NAME : C:\Texas Instruments\TI-MAC-1.0.1\Projects\mac\Libraries\cc2430\IAR\bin\Lib\macLib_cc2430.lib
  LIBRARY MODULE, NAME : mac_beacon

  SEGMENTS IN THE MODULE
  ======================
CODE_C
  Relative segment, address: CODE 0000A199 - 0000A1A8 (0x10 bytes), align: 0
  Segment part 7.             Intra module refs:   macBeaconCheckTxTime
           ENTRY                   ADDRESS         REF BY
           =====                   =======         ======
           macBeaconMargin         0000A199        macApiBeaconStartReq (mac_beacon_coord)
    -------------------------------------------------------------------------
XDATA_Z
  Relative segment, address: XDATA 0000F100 - 0000F116 (0x17 bytes), align: 0
  Segment part 8.             Intra module refs:   macBeaconCheckSched
                                                   macBeaconCheckTxTime
                                                   macBeaconSetSched
                                                   macBeaconSetupCap
           ENTRY                   ADDRESS         REF BY
           =====                   =======         ======
           macBeacon               0000F100        macApiBeaconStartReq (mac_beacon_coord)
                                                   macBeaconPeriodCallback (mac_beacon_coord)
                                                   macTxBeaconCompleteCallback (mac_beacon_coord)
    -------------------------------------------------------------------------
NEAR_CODE
  Relative segment, address: CODE 0000072F - 0000075A (0x2c bytes), align: 0
  Segment part 19.
           ENTRY                   ADDRESS         REF BY
           =====                   =======         ======
           macBeaconInit           0000072F        MAC_InitBeaconCoord (mac_beacon_coord)
               stack 1 = 00000000 ( 00000002 )
    -------------------------------------------------------------------------
NEAR_CODE
  Relative segment, address: CODE 0000075B - 0000075F (0x5 bytes), align: 0
  Segment part 20.            Intra module refs:   macBeaconCheckSched
                                                   macBeaconInit
                                                   macBeaconRequeue
    -------------------------------------------------------------------------
NEAR_CODE
  Relative segment, address: CODE 00000760 - 0000082B (0xcc bytes), align: 0
  Segment part 22.            Intra module refs:   macBeaconInit
           ENTRY                   ADDRESS         REF BY
           =====                   =======         ======
           macBeaconSetSched       00000760 
               calls direct, is indirectly called
               stack 1 = 00000000 ( 00000001 )
               stack 2 = 00000000 ( 0000000B )
    -------------------------------------------------------------------------
NEAR_CODE
  Relative segment, address: CODE 0000082C - 0000082E (0x3 bytes), align: 0
  Segment part 23.            Intra module refs:   macBeaconSetSched
    -------------------------------------------------------------------------
NEAR_CODE
  Relative segment, address: CODE 0000082F - 00000837 (0x9 bytes), align: 0
  Segment part 24.            Intra module refs:   Segment part 23
                                                   Segment part 26
    -------------------------------------------------------------------------
NEAR_CODE
  Relative segment, address: CODE 00000838 - 0000083B (0x4 bytes), align: 0
  Segment part 25.            Intra module refs:   macBeaconSetSched
    -------------------------------------------------------------------------
NEAR_CODE
  Relative segment, address: CODE 0000083C - 00000840 (0x5 bytes), align: 0
  Segment part 26.            Intra module refs:   Segment part 25
                                                   Segment part 27
    -------------------------------------------------------------------------
NEAR_CODE
  Relative segment, address: CODE 00000841 - 00000846 (0x6 bytes), align: 0
  Segment part 27.            Intra module refs:   macBeaconSetSched
    -------------------------------------------------------------------------
NEAR_CODE
  Relative segment, address: CODE 00000847 - 00000868 (0x22 bytes), align: 0
  Segment part 28.            Intra module refs:   macBeaconInit
           ENTRY                   ADDRESS         REF BY
           =====                   =======         ======
           macBeaconCheckSched     00000847 
               calls direct, is indirectly called
               stack 1 = 00000000 ( 00000002 )
    -------------------------------------------------------------------------
NEAR_CODE
  Relative segment, address: CODE 00000869 - 000008B0 (0x48 bytes), align: 0
  Segment part 29.            Intra module refs:   macBeaconInit
           ENTRY                   ADDRESS         REF BY
           =====                   =======         ======
           macBeaconRequeue        00000869 
               calls direct, is indirectly called
               stack 1 = 00000000 ( 00000002 )
    -------------------------------------------------------------------------
NEAR_CODE
  Relative segment, address: CODE 000008B1 - 00000963 (0xb3 bytes), align: 0
  Segment part 30.            Intra module refs:   macBeaconInit
           ENTRY                   ADDRESS         REF BY
           =====                   =======         ======
           macBeaconCheckTxTime    000008B1 
               calls direct, is indirectly called
               stack 1 = 00000000 ( 00000000 )
               stack 2 = 00000000 ( 0000000F )
    -------------------------------------------------------------------------
NEAR_CODE
  Relative segment, address: CODE 00000964 - 00000968 (0x5 bytes), align: 0
  Segment part 31.            Intra module refs:   macBeaconCheckTxTime
                                                   macBeaconSetupCap
    -------------------------------------------------------------------------
NEAR_CODE
  Relative segment, address: CODE 00000969 - 00000A01 (0x99 bytes), align: 0
  Segment part 32.
           ENTRY                   ADDRESS         REF BY
           =====                   =======         ======
           macBeaconSetupCap       00000969        macTxBeaconCompleteCallback (mac_beacon_coord)
               calls direct
               stack 1 = 00000000 ( 00000000 )
               stack 2 = 00000000 ( 0000000F )
    -------------------------------------------------------------------------
NEAR_CODE
  Relative segment, address: CODE 00000A02 - 00000A17 (0x16 bytes), align: 0
  Segment part 33.            Intra module refs:   macBeaconSetupCap
    -------------------------------------------------------------------------
XDATA_I
  Relative segment, address: XDATA 0000F8EB - 0000F8EE (0x4 bytes), align: 0
  Segment part 11.            Intra module refs:   macBeaconCheckTxTime
           ENTRY                   ADDRESS         REF BY
           =====                   =======         ======
           __Constant_ff           0000F8EB 
    -------------------------------------------------------------------------
XDATA_ID
  Relative segment, address: CODE 00009E0F - 00009E12 (0x4 bytes), align: 0
  Segment part 12.            Intra module refs:   __Constant_ff
    -------------------------------------------------------------------------
XDATA_I
  Relative segment, address: XDATA 0000F8EF - 0000F8F2 (0x4 bytes), align: 0
  Segment part 13.            Intra module refs:   macBeaconSetupCap
           ENTRY                   ADDRESS         REF BY
           =====                   =======         ======
           __Constant_3            0000F8EF 
    -------------------------------------------------------------------------
XDATA_ID
  Relative segment, address: CODE 00009E13 - 00009E16 (0x4 bytes), align: 0
  Segment part 14.            Intra module refs:   __Constant_3
    -------------------------------------------------------------------------
XDATA_I
  Relative segment, address: XDATA 0000F8F3 - 0000F8F6 (0x4 bytes), align: 0
  Segment part 15.            Intra module refs:   macBeaconSetupCap
           ENTRY                   ADDRESS         REF BY
           =====                   =======         ======
           __Constant_fffffff6     0000F8F3 
    -------------------------------------------------------------------------
XDATA_ID
  Relative segment, address: CODE 00009E17 - 00009E1A (0x4 bytes), align: 0
  Segment part 16.            Intra module refs:   __Constant_fffffff6

    -------------------------------------------------------------------------
  LIBRARY MODULE, NAME : mac_beacon_coord

  SEGMENTS IN THE MODULE
  ======================
CODE_C
  Relative segment, address: CODE 0000A1A9 - 0000A1AC (0x4 bytes), align: 0
  Segment part 7.             Intra module refs:   MAC_InitBeaconCoord
    -------------------------------------------------------------------------
XDATA_Z
  Relative segment, address: XDATA 0000F117 - 0000F137 (0x21 bytes), align: 0
  Segment part 8.             Intra module refs:   Segment part 30
                                                   Segment part 39
                                                   macBeaconPrepareCallback
                                                   macBeaconSetPrepareTime
                                                   macBeaconStartContinue
                                                   macBeaconTxCallback
                                                   macTxBeaconCompleteCallback
           ENTRY                   ADDRESS         REF BY
           =====                   =======         ======
           macBeaconCoord          0000F117 
    -------------------------------------------------------------------------
NEAR_CODE
  Relative segment, address: CODE 00000A18 - 00000A3E (0x27 bytes), align: 0
  Segment part 21.
           ENTRY                   ADDRESS         REF BY
           =====                   =======         ======
           MAC_InitBeaconCoord     00000A18        MSA_Init (msa)
               calls direct
               stack 1 = 00000000 ( 00000002 )
    -------------------------------------------------------------------------
NEAR_CODE
  Relative segment, address: CODE 00000A3F - 00000A48 (0xa bytes), align: 0
  Segment part 22.            Intra module refs:   MAC_InitBeaconCoord
                                                   macBeaconClearIndirect
                                                   macBeaconPeriodCallback
                                                   macBeaconSchedRequested
                                                   macBeaconTxCallback
                                                   macOutgoingNonSlottedTx
    -------------------------------------------------------------------------
NEAR_CODE
  Relative segment, address: CODE 00000A49 - 00000AA4 (0x5c bytes), align: 0
  Segment part 23.            Intra module refs:   macBeaconStartContinue
                                                   macStartBeaconPrepareCallback
           LOCAL                   ADDRESS         
           =====                   =======         
           macBeaconSetPrepareTime
                                   00000A49 
               stack 1 = 00000000 ( 00000002 )
               stack 2 = 0000000B ( 0000000F )
    -------------------------------------------------------------------------
NEAR_CODE
  Relative segment, address: CODE 00000AA5 - 00000AA9 (0x5 bytes), align: 0
  Segment part 24.            Intra module refs:   macApiBeaconStartReq
                                                   macBeaconSetPrepareTime
    -------------------------------------------------------------------------
NEAR_CODE
  Relative segment, address: CODE 00000AAA - 00000C4F (0x1a6 bytes), align: 0
  Segment part 25.            Intra module refs:   Segment part 7
           ENTRY                   ADDRESS         REF BY
           =====                   =======         ======
           macApiBeaconStartReq    00000AAA 
               calls direct, is indirectly called
               stack 1 = 00000000 ( 00000002 )
               stack 2 = 00000000 ( 00000023 )
    -------------------------------------------------------------------------
NEAR_CODE
  Relative segment, address: CODE 00000C50 - 00000C58 (0x9 bytes), align: 0
  Segment part 26.            Intra module refs:   macApiBeaconStartReq
    -------------------------------------------------------------------------
NEAR_CODE
  Relative segment, address: CODE 00000C59 - 00000C61 (0x9 bytes), align: 0
  Segment part 27.            Intra module refs:   macApiBeaconStartReq
    -------------------------------------------------------------------------
NEAR_CODE
  Relative segment, address: CODE 00000C62 - 00000C85 (0x24 bytes), align: 0
  Segment part 28.            Intra module refs:   macTxBeaconCompleteCallback
           LOCAL                   ADDRESS         
           =====                   =======         
           macBeaconPeriodCallback
                                   00000C62 
               calls direct, is indirectly called
               stack 1 = 00000000 ( 00000002 )
    -------------------------------------------------------------------------
NEAR_CODE
  Relative segment, address: CODE 00000C86 - 00000CE1 (0x5c bytes), align: 0
  Segment part 29.            Intra module refs:   macBeaconPrepareCallback
           LOCAL                   ADDRESS         
           =====                   =======         
           macBeaconTxCallback     00000C86 
               calls direct, is indirectly called
               stack 1 = 00000000 ( 00000002 )
               stack 2 = 00000000 ( 00000004 )
    -------------------------------------------------------------------------
NEAR_CODE
  Relative segment, address: CODE 00000CE2 - 00000CEB (0xa bytes), align: 0
  Segment part 30.            Intra module refs:   macBeaconPrepareCallback
                                                   macBeaconStartContinue
                                                   macBeaconTxCallback
                                                   macTxBeaconCompleteCallback
    -------------------------------------------------------------------------
NEAR_CODE
  Relative segment, address: CODE 00000CEC - 00000D6D (0x82 bytes), align: 0
  Segment part 31.            Intra module refs:   Segment part 39
                                                   macStartBeaconPrepareCallback
           ENTRY                   ADDRESS         REF BY
           =====                   =======         ======
           macBeaconPrepareCallback
                                   00000CEC 
               calls direct, is indirectly called
               stack 1 = 00000000 ( 00000002 )
               stack 2 = 00000008 ( 0000000F )
    -------------------------------------------------------------------------
NEAR_CODE
  Relative segment, address: CODE 00000D6E - 00000D79 (0xc bytes), align: 0
  Segment part 32.            Intra module refs:   macApiBeaconStartReq
                                                   macBeaconPrepareCallback
    -------------------------------------------------------------------------
NEAR_CODE
  Relative segment, address: CODE 00000D7A - 00000DA0 (0x27 bytes), align: 0
  Segment part 33.            Intra module refs:   macBeaconStartContinue
           LOCAL                   ADDRESS         
           =====                   =======         
           macStartBeaconPrepareCallback
                                   00000D7A 
               calls direct, is indirectly called
               stack 1 = 00000000 ( 00000000 )
               stack 2 = 00000000 ( 00000008 )
    -------------------------------------------------------------------------
NEAR_CODE
  Relative segment, address: CODE 00000DA1 - 00000E38 (0x98 bytes), align: 0
  Segment part 34.            Intra module refs:   Segment part 7
                                                   macApiBeaconStartReq
           ENTRY                   ADDRESS         REF BY
           =====                   =======         ======
           macBeaconStartContinue
                                   00000DA1 
               calls direct, is indirectly called
               stack 1 = 00000000 ( 00000002 )
               stack 2 = 0000001F ( 0000000F )
    -------------------------------------------------------------------------
NEAR_CODE
  Relative segment, address: CODE 00000E39 - 00000E41 (0x9 bytes), align: 0
  Segment part 35.            Intra module refs:   macBeaconStartContinue
                                                   macStartBeaconPrepareCallback
    -------------------------------------------------------------------------
NEAR_CODE
  Relative segment, address: CODE 00000E42 - 00000E45 (0x4 bytes), align: 0
  Segment part 36.            Intra module refs:   macApiBeaconStartReq
                                                   macBeaconStartContinue
    -------------------------------------------------------------------------
NEAR_CODE
  Relative segment, address: CODE 00000E46 - 00000E51 (0xc bytes), align: 0
  Segment part 37.            Intra module refs:   Segment part 36
                                                   Segment part 38
    -------------------------------------------------------------------------
NEAR_CODE
  Relative segment, address: CODE 00000E52 - 00000E57 (0x6 bytes), align: 0
  Segment part 38.            Intra module refs:   macApiBeaconStartReq
                                                   macBeaconStartContinue
    -------------------------------------------------------------------------
NEAR_CODE
  Relative segment, address: CODE 00000E58 - 00000E65 (0xe bytes), align: 0
  Segment part 39.            Intra module refs:   macBeaconStartContinue
                                                   macBeaconTxCallback
    -------------------------------------------------------------------------
NEAR_CODE
  Relative segment, address: CODE 00000E66 - 00000E6B (0x6 bytes), align: 0
  Segment part 40.            Intra module refs:   macTxBeaconCompleteCallback
           LOCAL                   ADDRESS         
           =====                   =======         
           macBeaconBattLifeCallback
                                   00000E66 
               calls direct, is indirectly called
    -------------------------------------------------------------------------
NEAR_CODE
  Relative segment, address: CODE 00000E6C - 00000F38 (0xcd bytes), align: 0
  Segment part 41.            Intra module refs:   MAC_InitBeaconCoord
           ENTRY                   ADDRESS         REF BY
           =====                   =======         ======
           macTxBeaconCompleteCallback
                                   00000E6C 
               calls direct, is indirectly called
               stack 1 = 00000000 ( 00000002 )
               stack 2 = 00000000 ( 0000000F )
    -------------------------------------------------------------------------
NEAR_CODE
  Relative segment, address: CODE 00000F39 - 00000F3D (0x5 bytes), align: 0
  Segment part 42.            Intra module refs:   macBeaconPrepareCallback
                                                   macBeaconSetupBroadcast
                                                   macBeaconStartContinue
                                                   macTxBeaconCompleteCallback
    -------------------------------------------------------------------------
NEAR_CODE
  Relative segment, address: CODE 00000F3E - 00000F46 (0x9 bytes), align: 0
  Segment part 43.            Intra module refs:   macTxBeaconCompleteCallback
    -------------------------------------------------------------------------
NEAR_CODE
  Relative segment, address: CODE 00000F47 - 00000F4A (0x4 bytes), align: 0
  Segment part 44.            Intra module refs:   Segment part 43
                                                   macTxBeaconCompleteCallback
    -------------------------------------------------------------------------
NEAR_CODE
  Relative segment, address: CODE 00000F4B - 00000F53 (0x9 bytes), align: 0
  Segment part 45.            Intra module refs:   Segment part 37
                                                   Segment part 44
    -------------------------------------------------------------------------
NEAR_CODE
  Relative segment, address: CODE 00000F54 - 00000F60 (0xd bytes), align: 0
  Segment part 46.            Intra module refs:   macBeaconSetPrepareTime
                                                   macTxBeaconCompleteCallback
    -------------------------------------------------------------------------
NEAR_CODE
  Relative segment, address: CODE 00000F61 - 00000FD7 (0x77 bytes), align: 0
  Segment part 47.            Intra module refs:   macTxBeaconCompleteCallback
           ENTRY                   ADDRESS         REF BY
           =====                   =======         ======
           macBeaconSetupBroadcast
                                   00000F61 
               calls direct
               stack 1 = 00000000 ( 00000000 )
               stack 2 = 0000000B ( 0000000D )
    -------------------------------------------------------------------------
NEAR_CODE
  Relative segment, address: CODE 00000FD8 - 00001003 (0x2c bytes), align: 0
  Segment part 48.            Intra module refs:   macTxBeaconCompleteCallback
           ENTRY                   ADDRESS         REF BY
           =====                   =======         ======
           macOutgoingNonSlottedTx
                                   00000FD8 
               stack 1 = 00000000 ( 00000002 )
               stack 2 = 0000000B ( 00000000 )
    -------------------------------------------------------------------------
NEAR_CODE
  Relative segment, address: CODE 00001004 - 00001010 (0xd bytes), align: 0
  Segment part 49.            Intra module refs:   macBeaconSchedRequested
                                                   macBeaconSetupBroadcast
                                                   macOutgoingNonSlottedTx
    -------------------------------------------------------------------------
NEAR_CODE
  Relative segment, address: CODE 00001011 - 0000103C (0x2c bytes), align: 0
  Segment part 50.            Intra module refs:   macTxBeaconCompleteCallback
           ENTRY                   ADDRESS         REF BY
           =====                   =======         ======
           macBeaconSchedRequested
                                   00001011 
               stack 1 = 00000000 ( 00000002 )
               stack 2 = 0000000B ( 00000000 )
    -------------------------------------------------------------------------
NEAR_CODE
  Relative segment, address: CODE 0000103D - 00001043 (0x7 bytes), align: 0
  Segment part 51.            Intra module refs:   macBeaconSchedRequested
                                                   macOutgoingNonSlottedTx
    -------------------------------------------------------------------------
NEAR_CODE
  Relative segment, address: CODE 00001044 - 0000104C (0x9 bytes), align: 0
  Segment part 52.            Intra module refs:   Segment part 49
                                                   Segment part 51
                                                   macBeaconClearIndirect
                                                   macBeaconSetupBroadcast
    -------------------------------------------------------------------------
NEAR_CODE
  Relative segment, address: CODE 0000104D - 00001057 (0xb bytes), align: 0
  Segment part 53.            Intra module refs:   macBeaconClearIndirect
                                                   macBeaconSchedRequested
                                                   macOutgoingNonSlottedTx
    -------------------------------------------------------------------------
NEAR_CODE
  Relative segment, address: CODE 00001058 - 0000105E (0x7 bytes), align: 0
  Segment part 54.            Intra module refs:   macBeaconClearIndirect
                                                   macBeaconSchedRequested
                                                   macOutgoingNonSlottedTx
    -------------------------------------------------------------------------
NEAR_CODE
  Relative segment, address: CODE 0000105F - 0000108A (0x2c bytes), align: 0
  Segment part 55.            Intra module refs:   macBeaconPeriodCallback
           ENTRY                   ADDRESS         REF BY
           =====                   =======         ======
           macBeaconClearIndirect
                                   0000105F 
               stack 1 = 00000002 ( 00000002 )
    -------------------------------------------------------------------------
XDATA_I
  Relative segment, address: XDATA 0000F8F7 - 0000F8FA (0x4 bytes), align: 0
  Segment part 11.            Intra module refs:   macBeaconSetPrepareTime
           ENTRY                   ADDRESS         REF BY
           =====                   =======         ======
           __Constant_fffffffc     0000F8F7 
    -------------------------------------------------------------------------
XDATA_ID
  Relative segment, address: CODE 00009E1B - 00009E1E (0x4 bytes), align: 0
  Segment part 12.            Intra module refs:   __Constant_fffffffc
    -------------------------------------------------------------------------
XDATA_I
  Relative segment, address: XDATA 0000F8FB - 0000F8FE (0x4 bytes), align: 0
  Segment part 13.            Intra module refs:   macApiBeaconStartReq
           ENTRY                   ADDRESS         REF BY
           =====                   =======         ======
           __Constant_14           0000F8FB 
    -------------------------------------------------------------------------
XDATA_ID
  Relative segment, address: CODE 00009E1F - 00009E22 (0x4 bytes), align: 0
  Segment part 14.            Intra module refs:   __Constant_14
    -------------------------------------------------------------------------
XDATA_I
  Relative segment, address: XDATA 0000F8FF - 0000F902 (0x4 bytes), align: 0
  Segment part 15.            Intra module refs:   macBeaconPrepareCallback
           ENTRY                   ADDRESS         REF BY
           =====                   =======         ======
           __Constant_4            0000F8FF 
    -------------------------------------------------------------------------
XDATA_ID
  Relative segment, address: CODE 00009E23 - 00009E26 (0x4 bytes), align: 0
  Segment part 16.            Intra module refs:   __Constant_4
    -------------------------------------------------------------------------
XDATA_I
  Relative segment, address: XDATA 0000F903 - 0000F906 (0x4 bytes), align: 0
  Segment part 17.            Intra module refs:   macBeaconStartContinue
           ENTRY                   ADDRESS         REF BY
           =====                   =======         ======
           __Constant_fffffffe     0000F903 
    -------------------------------------------------------------------------
XDATA_ID
  Relative segment, address: CODE 00009E27 - 00009E2A (0x4 bytes), align: 0
  Segment part 18.            Intra module refs:   __Constant_fffffffe
    -------------------------------------------------------------------------
XDATA_I
  Relative segment, address: XDATA 0000F907 - 0000F90A (0x4 bytes), align: 0
  Segment part 19.            Intra module refs:   macTxBeaconCompleteCallback
           ENTRY                   ADDRESS         REF BY
           =====                   =======         ======
           __Constant_2            0000F907 
    -------------------------------------------------------------------------
XDATA_ID
  Relative segment, address: CODE 00009E2B - 00009E2E (0x4 bytes), align: 0
  Segment part 20.            Intra module refs:   __Constant_2

    -------------------------------------------------------------------------
  LIBRARY MODULE, NAME : mac_coord

  SEGMENTS IN THE MODULE
  ======================
CODE_C
  Relative segment, address: CODE 0000A1AD - 0000A1B0 (0x4 bytes), align: 0
  Segment part 7.             Intra module refs:   MAC_InitCoord
    -------------------------------------------------------------------------
CODE_C
  Relative segment, address: CODE 0000A1B1 - 0000A1BC (0xc bytes), align: 0
  Segment part 8.             Intra module refs:   MAC_InitCoord
    -------------------------------------------------------------------------
CODE_C
  Relative segment, address: CODE 0000A1BD - 0000A1C4 (0x8 bytes), align: 0
  Segment part 9.             Intra module refs:   MAC_InitCoord
    -------------------------------------------------------------------------
XDATA_Z
  Relative segment, address: XDATA 0000F138 - 0000F143 (0xc bytes), align: 0
  Segment part 10.            Intra module refs:   Segment part 69
                                                   macCoordReset
                                                   macIndirectExpire
                                                   macIndirectTxFrame
                                                   macRxBeaconReq
                                                   macStartBegin
                                                   macStartComplete
                                                   macStartContinue
                                                   macStartSetParams
           ENTRY                   ADDRESS         REF BY
           =====                   =======         ======
           macCoord                0000F138        macBeaconStartContinue (mac_beacon_coord)
                                                   macStartBeaconPrepareCallback (mac_beacon_coord)
    -------------------------------------------------------------------------
NEAR_CODE
  Relative segment, address: CODE 0000108B - 000010BD (0x33 bytes), align: 0
  Segment part 13.            Intra module refs:   MAC_InitCoord
           LOCAL                   ADDRESS         
           =====                   =======         
           macCoordReset           0000108B 
               calls direct, is indirectly called
               stack 1 = 00000000 ( 00000002 )
    -------------------------------------------------------------------------
NEAR_CODE
  Relative segment, address: CODE 000010BE - 00001169 (0xac bytes), align: 0
  Segment part 14.            Intra module refs:   macApiAssociateRsp
           ENTRY                   ADDRESS         REF BY
           =====                   =======         ======
           macBuildAssociateRsp    000010BE 
               calls direct
               stack 1 = 00000000 ( 00000001 )
               stack 2 = 00000000 ( 00000013 )
    -------------------------------------------------------------------------
NEAR_CODE
  Relative segment, address: CODE 0000116A - 00001171 (0x8 bytes), align: 0
  Segment part 15.            Intra module refs:   macBuildAssociateRsp
                                                   macBuildPendAddr
                                                   macRxAssociateReq
    -------------------------------------------------------------------------
NEAR_CODE
  Relative segment, address: CODE 00001172 - 00001182 (0x11 bytes), align: 0
  Segment part 16.            Intra module refs:   macBuildAssociateRsp
    -------------------------------------------------------------------------
NEAR_CODE
  Relative segment, address: CODE 00001183 - 0000123D (0xbb bytes), align: 0
  Segment part 17.            Intra module refs:   macApiOrphanRsp
                                                   macApiStartReq
           ENTRY                   ADDRESS         REF BY
           =====                   =======         ======
           macBuildRealign         00001183        macApiBeaconStartReq (mac_beacon_coord)
               calls direct
               stack 1 = 00000000 ( 00000001 )
               stack 2 = 00000018 ( 00000011 )
    -------------------------------------------------------------------------
NEAR_CODE
  Relative segment, address: CODE 0000123E - 00001247 (0xa bytes), align: 0
  Segment part 18.            Intra module refs:   Segment part 16
                                                   macBuildRealign
    -------------------------------------------------------------------------
NEAR_CODE
  Relative segment, address: CODE 00001248 - 0000124E (0x7 bytes), align: 0
  Segment part 19.            Intra module refs:   macApiStartReq
                                                   macBuildAssociateRsp
                                                   macBuildRealign
    -------------------------------------------------------------------------
NEAR_CODE
  Relative segment, address: CODE 0000124F - 00001252 (0x4 bytes), align: 0
  Segment part 20.            Intra module refs:   macBuildRealign
    -------------------------------------------------------------------------
NEAR_CODE
  Relative segment, address: CODE 00001253 - 0000125A (0x8 bytes), align: 0
  Segment part 21.            Intra module refs:   macBuildAssociateRsp
                                                   macBuildRealign
    -------------------------------------------------------------------------
NEAR_CODE
  Relative segment, address: CODE 0000125B - 00001262 (0x8 bytes), align: 0
  Segment part 22.            Intra module refs:   Segment part 19
                                                   Segment part 21
                                                   Segment part 54
                                                   macBuildBeacon
                                                   macRxDataReq
    -------------------------------------------------------------------------
NEAR_CODE
  Relative segment, address: CODE 00001263 - 0000126A (0x8 bytes), align: 0
  Segment part 23.            Intra module refs:   macBuildRealign
    -------------------------------------------------------------------------
NEAR_CODE
  Relative segment, address: CODE 0000126B - 0000126E (0x4 bytes), align: 0
  Segment part 24.            Intra module refs:   macBuildAssociateRsp
                                                   macBuildRealign
    -------------------------------------------------------------------------
NEAR_CODE
  Relative segment, address: CODE 0000126F - 00001278 (0xa bytes), align: 0
  Segment part 25.            Intra module refs:   Segment part 16
                                                   Segment part 24
    -------------------------------------------------------------------------
NEAR_CODE
  Relative segment, address: CODE 00001279 - 00001281 (0x9 bytes), align: 0
  Segment part 26.            Intra module refs:   macBuildRealign
    -------------------------------------------------------------------------
NEAR_CODE
  Relative segment, address: CODE 00001282 - 0000128B (0xa bytes), align: 0
  Segment part 27.            Intra module refs:   Segment part 20
                                                   Segment part 23
                                                   Segment part 26
    -------------------------------------------------------------------------
NEAR_CODE
  Relative segment, address: CODE 0000128C - 00001370 (0xe5 bytes), align: 0
  Segment part 28.            Intra module refs:   macBuildBeacon
           LOCAL                   ADDRESS         
           =====                   =======         
           macBuildPendAddr        0000128C 
               calls direct
               stack 1 = 00000000 ( 00000001 )
               stack 2 = 0000001B ( 0000000F )
    -------------------------------------------------------------------------
NEAR_CODE
  Relative segment, address: CODE 00001371 - 00001380 (0x10 bytes), align: 0
  Segment part 29.            Intra module refs:   macBuildPendAddr
    -------------------------------------------------------------------------
NEAR_CODE
  Relative segment, address: CODE 00001381 - 0000138B (0xb bytes), align: 0
  Segment part 30.            Intra module refs:   Segment part 15
                                                   Segment part 29
                                                   Segment part 41
    -------------------------------------------------------------------------
NEAR_CODE
  Relative segment, address: CODE 0000138C - 0000139C (0x11 bytes), align: 0
  Segment part 31.            Intra module refs:   macBuildPendAddr
    -------------------------------------------------------------------------
NEAR_CODE
  Relative segment, address: CODE 0000139D - 000013A9 (0xd bytes), align: 0
  Segment part 32.            Intra module refs:   Segment part 31
                                                   macBuildPendAddr
    -------------------------------------------------------------------------
NEAR_CODE
  Relative segment, address: CODE 000013AA - 0000153F (0x196 bytes), align: 0
  Segment part 33.            Intra module refs:   macRxBeaconReq
           ENTRY                   ADDRESS         REF BY
           =====                   =======         ======
           macBuildBeacon          000013AA        macBeaconPrepareCallback (mac_beacon_coord)
               calls direct
               stack 1 = 00000000 ( 00000002 )
               stack 2 = 00000009 ( 0000001D )
    -------------------------------------------------------------------------
NEAR_CODE
  Relative segment, address: CODE 00001540 - 00001544 (0x5 bytes), align: 0
  Segment part 34.            Intra module refs:   macBuildBeacon
                                                   macBuildPendAddr
                                                   macBuildRealign
                                                   macIndirectSend
    -------------------------------------------------------------------------
NEAR_CODE
  Relative segment, address: CODE 00001545 - 00001552 (0xe bytes), align: 0
  Segment part 35.            Intra module refs:   macBuildBeacon
    -------------------------------------------------------------------------
NEAR_CODE
  Relative segment, address: CODE 00001553 - 000015C1 (0x6f bytes), align: 0
  Segment part 36.            Intra module refs:   macApiPurgeReq
                                                   macIndirectExpire
                                                   macIndirectRequeueFrame
                                                   macIndirectTxFrame
           LOCAL                   ADDRESS         
           =====                   =======         
           macIndirectMark         00001553 
               calls direct
               stack 1 = 00000002 ( 00000000 )
               stack 2 = 0000000F ( 0000000D )
    -------------------------------------------------------------------------
NEAR_CODE
  Relative segment, address: CODE 000015C2 - 000015C6 (0x5 bytes), align: 0
  Segment part 37.            Intra module refs:   macApiPurgeReq
                                                   macIndirectExpire
                                                   macIndirectMark
    -------------------------------------------------------------------------
NEAR_CODE
  Relative segment, address: CODE 000015C7 - 000015CD (0x7 bytes), align: 0
  Segment part 38.            Intra module refs:   macApiPurgeReq
                                                   macBuildPendAddr
                                                   macIndirectMark
    -------------------------------------------------------------------------
NEAR_CODE
  Relative segment, address: CODE 000015CE - 0000166D (0xa0 bytes), align: 0
  Segment part 39.            Intra module refs:   macRxDataReq
           LOCAL                   ADDRESS         
           =====                   =======         
           macIndirectSend         000015CE 
               calls direct
               stack 1 = 00000000 ( 00000000 )
               stack 2 = 0000000E ( 00000011 )
    -------------------------------------------------------------------------
NEAR_CODE
  Relative segment, address: CODE 0000166E - 00001675 (0x8 bytes), align: 0
  Segment part 40.            Intra module refs:   macBuildRealign
                                                   macIndirectExpire
                                                   macIndirectSend
    -------------------------------------------------------------------------
NEAR_CODE
  Relative segment, address: CODE 00001676 - 0000167D (0x8 bytes), align: 0
  Segment part 41.            Intra module refs:   macBuildBeacon
                                                   macIndirectSend
    -------------------------------------------------------------------------
NEAR_CODE
  Relative segment, address: CODE 0000167E - 0000177B (0xfe bytes), align: 0
  Segment part 42.            Intra module refs:   Segment part 8
           ENTRY                   ADDRESS         REF BY
           =====                   =======         ======
           macIndirectExpire       0000167E 
               calls direct, is indirectly called
               stack 1 = 00000000 ( 00000001 )
               stack 2 = 00000000 ( 00000013 )
    -------------------------------------------------------------------------
NEAR_CODE
  Relative segment, address: CODE 0000177C - 00001786 (0xb bytes), align: 0
  Segment part 43.            Intra module refs:   macApiPurgeReq
                                                   macBuildPendAddr
                                                   macIndirectExpire
                                                   macIndirectMark
    -------------------------------------------------------------------------
NEAR_CODE
  Relative segment, address: CODE 00001787 - 00001792 (0xc bytes), align: 0
  Segment part 44.            Intra module refs:   macApiPurgeReq
                                                   macIndirectExpire
                                                   macIndirectMark
                                                   macIndirectSend
    -------------------------------------------------------------------------
NEAR_CODE
  Relative segment, address: CODE 00001793 - 000017D1 (0x3f bytes), align: 0
  Segment part 45.            Intra module refs:   MAC_InitCoord
           LOCAL                   ADDRESS         
           =====                   =======         
           macIndirectTxFrame      00001793 
               calls direct, is indirectly called
               stack 1 = 00000000 ( 00000002 )
               stack 2 = 00000000 ( 00000004 )
    -------------------------------------------------------------------------
NEAR_CODE
  Relative segment, address: CODE 000017D2 - 000017D9 (0x8 bytes), align: 0
  Segment part 46.            Intra module refs:   MAC_InitCoord
                                                   MAC_MlmeAssociateRsp
                                                   macCoordReset
                                                   macIndirectTxFrame
                                                   macRxPanConflict
    -------------------------------------------------------------------------
NEAR_CODE
  Relative segment, address: CODE 000017DA - 00001811 (0x38 bytes), align: 0
  Segment part 47.            Intra module refs:   MAC_InitCoord
           LOCAL                   ADDRESS         
           =====                   =======         
           macIndirectRequeueFrame
                                   000017DA 
               calls direct, is indirectly called
               stack 1 = 00000000 ( 00000000 )
               stack 2 = 00000000 ( 00000008 )
    -------------------------------------------------------------------------
NEAR_CODE
  Relative segment, address: CODE 00001812 - 00001868 (0x57 bytes), align: 0
  Segment part 48.            Intra module refs:   Segment part 8
           ENTRY                   ADDRESS         REF BY
           =====                   =======         ======
           macRxAssociateReq       00001812 
               calls direct, is indirectly called
               stack 1 = 00000000 ( 00000001 )
               stack 2 = 00000000 ( 0000001E )
    -------------------------------------------------------------------------
NEAR_CODE
  Relative segment, address: CODE 00001869 - 0000186C (0x4 bytes), align: 0
  Segment part 49.            Intra module refs:   Segment part 8
           ENTRY                   ADDRESS         REF BY
           =====                   =======         ======
           macApiAssociateRsp      00001869 
               calls direct, is indirectly called
    -------------------------------------------------------------------------
NEAR_CODE
  Relative segment, address: CODE 0000186D - 000018A4 (0x38 bytes), align: 0
  Segment part 50.            Intra module refs:   Segment part 9
           ENTRY                   ADDRESS         REF BY
           =====                   =======         ======
           macRxOrphan             0000186D 
               calls direct, is indirectly called
               stack 1 = 00000000 ( 00000001 )
               stack 2 = 00000000 ( 0000001D )
    -------------------------------------------------------------------------
NEAR_CODE
  Relative segment, address: CODE 000018A5 - 000018B9 (0x15 bytes), align: 0
  Segment part 51.            Intra module refs:   macRxAssociateReq
                                                   macRxOrphan
    -------------------------------------------------------------------------
NEAR_CODE
  Relative segment, address: CODE 000018BA - 000018C5 (0xc bytes), align: 0
  Segment part 52.            Intra module refs:   macRxAssociateReq
                                                   macRxOrphan
    -------------------------------------------------------------------------
NEAR_CODE
  Relative segment, address: CODE 000018C6 - 0000190D (0x48 bytes), align: 0
  Segment part 53.            Intra module refs:   Segment part 9
           ENTRY                   ADDRESS         REF BY
           =====                   =======         ======
           macApiOrphanRsp         000018C6 
               calls direct, is indirectly called
               stack 1 = 00000000 ( 00000001 )
               stack 2 = 00000000 ( 00000015 )
    -------------------------------------------------------------------------
NEAR_CODE
  Relative segment, address: CODE 0000190E - 00001914 (0x7 bytes), align: 0
  Segment part 54.            Intra module refs:   macApiOrphanRsp
                                                   macBuildAssociateRsp
    -------------------------------------------------------------------------
NEAR_CODE
  Relative segment, address: CODE 00001915 - 0000191E (0xa bytes), align: 0
  Segment part 55.            Intra module refs:   macApiOrphanRsp
                                                   macBuildPendAddr
                                                   macIndirectMark
                                                   macIndirectRequeueFrame
                                                   macIndirectSend
                                                   macRxDataReq
                                                   macStartSetParams
    -------------------------------------------------------------------------
NEAR_CODE
  Relative segment, address: CODE 0000191F - 00001936 (0x18 bytes), align: 0
  Segment part 56.            Intra module refs:   macApiOrphanRsp
                                                   macBuildAssociateRsp
    -------------------------------------------------------------------------
NEAR_CODE
  Relative segment, address: CODE 00001937 - 000019C3 (0x8d bytes), align: 0
  Segment part 57.            Intra module refs:   Segment part 9
           ENTRY                   ADDRESS         REF BY
           =====                   =======         ======
           macApiPurgeReq          00001937 
               calls direct, is indirectly called
               stack 1 = 00000000 ( 00000000 )
               stack 2 = 00000000 ( 0000000F )
    -------------------------------------------------------------------------
NEAR_CODE
  Relative segment, address: CODE 000019C4 - 000019CC (0x9 bytes), align: 0
  Segment part 58.            Intra module refs:   macApiPurgeReq
                                                   macIndirectSend
    -------------------------------------------------------------------------
NEAR_CODE
  Relative segment, address: CODE 000019CD - 00001A4B (0x7f bytes), align: 0
  Segment part 59.            Intra module refs:   Segment part 7
           ENTRY                   ADDRESS         REF BY
           =====                   =======         ======
           macApiStartReq          000019CD 
               calls direct, is indirectly called
               stack 1 = 00000000 ( 00000001 )
               stack 2 = 00000000 ( 00000018 )
    -------------------------------------------------------------------------
NEAR_CODE
  Relative segment, address: CODE 00001A4C - 00001A50 (0x5 bytes), align: 0
  Segment part 60.            Intra module refs:   macApiStartReq
                                                   macStartBegin
    -------------------------------------------------------------------------
NEAR_CODE
  Relative segment, address: CODE 00001A51 - 00001B37 (0xe7 bytes), align: 0
  Segment part 61.            Intra module refs:   macApiStartReq
           ENTRY                   ADDRESS         REF BY
           =====                   =======         ======
           macStartBegin           00001A51        macApiBeaconStartReq (mac_beacon_coord)
               calls direct
               stack 1 = 00000000 ( 00000001 )
               stack 2 = 00000014 ( 0000000D )
    -------------------------------------------------------------------------
NEAR_CODE
  Relative segment, address: CODE 00001B38 - 00001B3D (0x6 bytes), align: 0
  Segment part 62.            Intra module refs:   macBuildRealign
                                                   macIndirectMark
                                                   macStartBegin
                                                   macStartContinue
    -------------------------------------------------------------------------
NEAR_CODE
  Relative segment, address: CODE 00001B3E - 00001BAD (0x70 bytes), align: 0
  Segment part 63.            Intra module refs:   macStartContinue
           ENTRY                   ADDRESS         REF BY
           =====                   =======         ======
           macStartSetParams       00001B3E        Segment part 35 (mac_beacon_coord)
               calls direct
               stack 1 = 00000000 ( 00000000 )
               stack 2 = 00000008 ( 00000008 )
    -------------------------------------------------------------------------
NEAR_CODE
  Relative segment, address: CODE 00001BAE - 00001BB4 (0x7 bytes), align: 0
  Segment part 64.            Intra module refs:   macStartSetParams
    -------------------------------------------------------------------------
NEAR_CODE
  Relative segment, address: CODE 00001BB5 - 00001BC0 (0xc bytes), align: 0
  Segment part 65.            Intra module refs:   Segment part 64
                                                   macApiStartReq
    -------------------------------------------------------------------------
NEAR_CODE
  Relative segment, address: CODE 00001BC1 - 00001BE5 (0x25 bytes), align: 0
  Segment part 66.            Intra module refs:   Segment part 7
                                                   macApiStartReq
           ENTRY                   ADDRESS         REF BY
           =====                   =======         ======
           macStartContinue        00001BC1 
               calls direct, is indirectly called
               stack 1 = 00000000 ( 00000001 )
               stack 2 = 00000014 ( 00000008 )
    -------------------------------------------------------------------------
NEAR_CODE
  Relative segment, address: CODE 00001BE6 - 00001BEF (0xa bytes), align: 0
  Segment part 67.            Intra module refs:   macApiStartReq
                                                   macIndirectExpire
                                                   macStartComplete
                                                   macStartContinue
    -------------------------------------------------------------------------
NEAR_CODE
  Relative segment, address: CODE 00001BF0 - 00001C17 (0x28 bytes), align: 0
  Segment part 68.            Intra module refs:   Segment part 8
           ENTRY                   ADDRESS         REF BY
           =====                   =======         ======
           macStartComplete        00001BF0 
               calls direct, is indirectly called
               stack 1 = 00000000 ( 00000001 )
               stack 2 = 00000000 ( 00000008 )
    -------------------------------------------------------------------------
NEAR_CODE
  Relative segment, address: CODE 00001C18 - 00001C23 (0xc bytes), align: 0
  Segment part 69.            Intra module refs:   macCoordReset
                                                   macStartComplete
    -------------------------------------------------------------------------
NEAR_CODE
  Relative segment, address: CODE 00001C24 - 00001C54 (0x31 bytes), align: 0
  Segment part 70.            Intra module refs:   Segment part 8
           ENTRY                   ADDRESS         REF BY
           =====                   =======         ======
           macRxBeaconReq          00001C24 
               calls direct, is indirectly called
               stack 1 = 00000000 ( 00000000 )
               stack 2 = 00000000 ( 00000009 )
    -------------------------------------------------------------------------
NEAR_CODE
  Relative segment, address: CODE 00001C55 - 00001D07 (0xb3 bytes), align: 0
  Segment part 71.            Intra module refs:   Segment part 8
           ENTRY                   ADDRESS         REF BY
           =====                   =======         ======
           macRxDataReq            00001C55 
               calls direct, is indirectly called
               stack 1 = 00000000 ( 00000001 )
               stack 2 = 00000000 ( 00000010 )
    -------------------------------------------------------------------------
NEAR_CODE
  Relative segment, address: CODE 00001D08 - 00001D11 (0xa bytes), align: 0
  Segment part 72.            Intra module refs:   macApiOrphanRsp
                                                   macBuildAssociateRsp
                                                   macIndirectRequeueFrame
                                                   macRxAssociateReq
                                                   macRxDataReq
                                                   macRxOrphan
                                                   macStartComplete
                                                   macStartContinue
                                                   macStartSetParams
    -------------------------------------------------------------------------
NEAR_CODE
  Relative segment, address: CODE 00001D12 - 00001D19 (0x8 bytes), align: 0
  Segment part 73.            Intra module refs:   macRxDataReq
    -------------------------------------------------------------------------
NEAR_CODE
  Relative segment, address: CODE 00001D1A - 00001D29 (0x10 bytes), align: 0
  Segment part 74.            Intra module refs:   Segment part 9
           ENTRY                   ADDRESS         REF BY
           =====                   =======         ======
           macRxPanConflict        00001D1A 
               calls direct, is indirectly called
               stack 1 = 00000000 ( 00000002 )
    -------------------------------------------------------------------------
NEAR_CODE
  Relative segment, address: CODE 00001D2A - 00001D80 (0x57 bytes), align: 0
  Segment part 75.
           ENTRY                   ADDRESS         REF BY
[...]
                                                   rxStartIsr (mac_rx)
                                                   strcat (?strcat)
                                                   strcpy (?strcpy)

    -------------------------------------------------------------------------
  LIBRARY MODULE, NAME : ?INTERRUPT_ENTER_XSP

  SEGMENTS IN THE MODULE
  ======================
RCODE
  Relative segment, address: CODE 000005A4 - 000005FB (0x58 bytes), align: 0
  Segment part 1. ROOT.
           ENTRY                   ADDRESS         REF BY
           =====                   =======         ======
           ?INTERRUPT_ENTER_XSP    000005A4        ?Subroutine3 (hal_key)
                                                   halTimer1Isr (hal_timer)
                                                   halTimer3Isr (hal_timer)
                                                   halTimer4Isr (hal_timer)
                                                   halUart0RxIsr (hal_uart)
                                                   halUart0TxIsr (hal_uart)
                                                   macMcuRfIsr (mac_mcu)
                                                   macMcuTimer2Isr (mac_mcu)

    -------------------------------------------------------------------------
  LIBRARY MODULE, NAME : ?INTERRUPT_LEAVE_XSP

  SEGMENTS IN THE MODULE
  ======================
RCODE
  Relative segment, address: CODE 000005FC - 0000064C (0x51 bytes), align: 0
  Segment part 1. ROOT.
           ENTRY                   ADDRESS         REF BY
           =====                   =======         ======
           ?INTERRUPT_LEAVE_XSP    000005FC        ?Subroutine13 (hal_timer)
                                                   ?Subroutine3 (hal_key)
                                                   ?Subroutine4 (mac_mcu)
                                                   ?Subroutine42 (hal_uart)

    -------------------------------------------------------------------------
  LIBRARY MODULE, NAME : ?PUSH_XSTACK_I

  SEGMENTS IN THE MODULE
  ======================
RCODE
  Relative segment, address: CODE 0000064D - 00000650 (0x4 bytes), align: 0
  Segment part 0. ROOT.
           ENTRY                   ADDRESS         REF BY
           =====                   =======         ======
           ?PUSH_XSTACK_I_FOUR     0000064D        macBeaconPrepareCallback (mac_beacon_coord)
                                                   macScanStartTimer (mac_scan)
                                                   macTxBeaconCompleteCallback (mac_beacon_coord)
    -------------------------------------------------------------------------
RCODE
  Relative segment, address: CODE 00000651 - 00000654 (0x4 bytes), align: 0
  Segment part 1. ROOT.
           ENTRY                   ADDRESS         REF BY
           =====                   =======         ======
           ?PUSH_XSTACK_I_THREE    00000651 
    -------------------------------------------------------------------------
RCODE
  Relative segment, address: CODE 00000655 - 00000658 (0x4 bytes), align: 0
  Segment part 2. ROOT.
           ENTRY                   ADDRESS         REF BY
           =====                   =======         ======
           ?PUSH_XSTACK_I_TWO      00000655        HalLcdWriteString (hal_lcd)
                                                   HalLcdWriteStringValue (hal_lcd)
                                                   HalLcdWriteValue (hal_lcd)
                                                   MAC_CbackEvent (msa)
                                                   MAC_MlmeSetReq (mac_pib)
                                                   MSA_McpsDataReq (msa)
                                                   MSA_ProcessEvent (msa)
                                                   macApiBeaconStartReq (mac_beacon_coord)
                                                   macApiPurgeReq (mac_coord)
                                                   macApiStartReq (mac_coord)
                                                   macBeaconSetupBroadcast (mac_beacon_coord)
                                                   macBuildBeacon (mac_coord)
                                                   macBuildCommonReq (mac_mgmt)
                                                   macBuildRealign (mac_coord)
                                                   macDataTxSend (mac_data)
                                                   macIndirectExpire (mac_coord)
                                                   macScanNextChan (mac_scan)
                                                   macScanRxBeacon (mac_scan)
                                                   macSendDataMsg (mac_main)
                                                   macSendMsg (mac_main)
                                                   macStartBegin (mac_coord)
                                                   main (msa_Main)
                                                   osal_memset (OSAL)
                                                   osal_msg_receive (OSAL)
                                                   sAddrExtCpy (saddr)
    -------------------------------------------------------------------------
RCODE
  Relative segment, address: CODE 00000659 - 0000065A (0x2 bytes), align: 0
  Segment part 3. ROOT.
           ENTRY                   ADDRESS         REF BY
           =====                   =======         ======
           ?PUSH_XSTACK_I_ONE      00000659        MSA_ProcessEvent (msa)
                                                   Msa_Uart_Received_Msg (msa)
                                                   printenergy (msa)
    -------------------------------------------------------------------------
RCODE
  Relative segment, address: CODE 0000065B - 00000667 (0xd bytes), align: 0
  Segment part 4. ROOT.       Intra module refs:   ?PUSH_XSTACK_I_FOUR
                                                   ?PUSH_XSTACK_I_ONE
                                                   ?PUSH_XSTACK_I_THREE
                                                   ?PUSH_XSTACK_I_TWO
           ENTRY                   ADDRESS         REF BY
           =====                   =======         ======
           ?PUSH_XSTACK_I          0000065B 

    -------------------------------------------------------------------------
  LIBRARY MODULE, NAME : ?PUSH_XSTACK8_X

  SEGMENTS IN THE MODULE
  ======================
RCODE
  Relative segment, address: CODE 00000668 - 0000066B (0x4 bytes), align: 0
  Segment part 1. ROOT.
           ENTRY                   ADDRESS         REF BY
           =====                   =======         ======
           ?PUSH_XSTACK8_X_FOUR    00000668        macBeaconStartContinue (mac_beacon_coord)
                                                   macBeaconTxCallback (mac_beacon_coord)
                                                   macIndirectExpire (mac_coord)
                                                   macIndirectTxFrame (mac_coord)
                                                   macTxBeaconCompleteCallback (mac_beacon_coord)
    -------------------------------------------------------------------------
RCODE
  Relative segment, address: CODE 0000066C - 0000066F (0x4 bytes), align: 0
  Segment part 2. ROOT.
           ENTRY                   ADDRESS         REF BY
           =====                   =======         ======
           ?PUSH_XSTACK8_X_THREE   0000066C 
    -------------------------------------------------------------------------
RCODE
  Relative segment, address: CODE 00000670 - 00000673 (0x4 bytes), align: 0
  Segment part 3. ROOT.
           ENTRY                   ADDRESS         REF BY
           =====                   =======         ======
           ?PUSH_XSTACK8_X_TWO     00000670        macApiBeaconStartReq (mac_beacon_coord)
                                                   macApiOrphanRsp (mac_coord)
                                                   macApiStartReq (mac_coord)
                                                   macBackoffTimerRolloverCallback (mac_timer)
                                                   macBuildAssociateRsp (mac_coord)
                                                   macBuildDataFrame (mac_data)
                                                   macBuildDisassociateReq (mac_mgmt)
                                                   macIndirectSend (mac_coord)
                                                   macRxBeacon (mac_mgmt)
                                                   macRxDataReq (mac_coord)
    -------------------------------------------------------------------------
RCODE
  Relative segment, address: CODE 00000674 - 00000675 (0x2 bytes), align: 0
  Segment part 4. ROOT.
           ENTRY                   ADDRESS         REF BY
           =====                   =======         ======
           ?PUSH_XSTACK8_X_ONE     00000674 
    -------------------------------------------------------------------------
RCODE
  Relative segment, address: CODE 00000676 - 00000699 (0x24 bytes), align: 0
  Segment part 5. ROOT.       Intra module refs:   ?PUSH_XSTACK8_X_FOUR
                                                   ?PUSH_XSTACK8_X_ONE
                                                   ?PUSH_XSTACK8_X_THREE
                                                   ?PUSH_XSTACK8_X_TWO
           ENTRY                   ADDRESS         REF BY
           =====                   =======         ======
           ?PUSH_XSTACK8_X         00000676 

    -------------------------------------------------------------------------
  LIBRARY MODULE, NAME : ?UC_SWITCH_DENSE

  SEGMENTS IN THE MODULE
  ======================
RCODE
  Relative segment, address: CODE 0000069A - 000006CF (0x36 bytes), align: 0
  Segment part 0. ROOT.
           ENTRY                   ADDRESS         REF BY
           =====                   =======         ======
           ?UC_SWITCH_DENSE        0000069A        HalAdcRead (hal_adc)
                                                   HalTimerStop (hal_timer)
                                                   halTimerRemap (hal_timer)
                                                   halTimerSetChannelMode (hal_timer)
                                                   halTimerSetOpMode (hal_timer)
                                                   halTimerSetPrescale (hal_timer)
                                                   macBuildCommonReq (mac_mgmt)
                                                   macRxCompleteCallback (mac_data)

    -------------------------------------------------------------------------
  LIBRARY MODULE, NAME : ?UC_SWITCH_SPARSE

  SEGMENTS IN THE MODULE
  ======================
RCODE
  Relative segment, address: CODE 000006D0 - 000006F9 (0x2a bytes), align: 0
  Segment part 0. ROOT.
           ENTRY                   ADDRESS         REF BY
           =====                   =======         ======
           ?UC_SWITCH_SPARSE       000006D0        HalLedSet (hal_led)
                                                   HalTimerInterruptEnable (hal_timer)
                                                   MAC_CbackEvent (msa)
                                                   MAC_MlmeSetReq (mac_pib)
                                                   MSA_ProcessEvent (msa)
                                                   lcdConvertChar (hal_lcd)
                                                   macCommStatusInd (mac_mgmt)
           ?UC_SWITCH_SPARSE_LEAVE
                                   000006ED        ?UC_JMP_IF_IN_RANGE (?UC_JMP_IF_IN_RANGE)
                                                   ?UC_JMP_IF_VALUE (?UC_JMP_IF_VALUE)

    -------------------------------------------------------------------------
  LIBRARY MODULE, NAME : ?UC_JMP_IF_IN_RANGE

  SEGMENTS IN THE MODULE
  ======================
RCODE
  Relative segment, address: CODE 000006FA - 00000718 (0x1f bytes), align: 0
  Segment part 0. ROOT.
           ENTRY                   ADDRESS         REF BY
           =====                   =======         ======
           ?UC_JMP_IF_IN_RANGE     000006FA        Segment part 0 (?UC_SWITCH_SPARSE)

    -------------------------------------------------------------------------
  LIBRARY MODULE, NAME : ?UC_JMP_IF_VALUE

  SEGMENTS IN THE MODULE
  ======================
RCODE
  Relative segment, address: CODE 00000719 - 0000072E (0x16 bytes), align: 0
  Segment part 0. ROOT.
           ENTRY                   ADDRESS         REF BY
           =====                   =======         ======
           ?UC_JMP_IF_VALUE        00000719        Segment part 0 (?UC_SWITCH_SPARSE)

    -------------------------------------------------------------------------
  LIBRARY MODULE, NAME : ?memset

  SEGMENTS IN THE MODULE
  ======================
NEAR_CODE
  Relative segment, address: CODE 00009D66 - 00009D94 (0x2f bytes), align: 0
  Segment part 6.
           ENTRY                   ADDRESS         REF BY
           =====                   =======         ======
           memset                  00009D66        osal_memset (OSAL)
               stack 1 = 00000000 ( 00000001 )
               stack 2 = 00000002 ( 00000008 )

    -------------------------------------------------------------------------
  LIBRARY MODULE, NAME : ?strcat

  SEGMENTS IN THE MODULE
  ======================
NEAR_CODE
  Relative segment, address: CODE 00009D95 - 00009DCA (0x36 bytes), align: 0
  Segment part 6.
           ENTRY                   ADDRESS         REF BY
           =====                   =======         ======
           strcat                  00009D95        ?Subroutine17 (OSAL)
                                                   _ltoa (OSAL)
               stack 1 = 00000000 ( 00000001 )
               stack 2 = 00000000 ( 00000008 )

    -------------------------------------------------------------------------
  LIBRARY MODULE, NAME : ?strcpy

  SEGMENTS IN THE MODULE
  ======================
NEAR_CODE
  Relative segment, address: CODE 00009DCB - 00009DF2 (0x28 bytes), align: 0
  Segment part 6.
           ENTRY                   ADDRESS         REF BY
           =====                   =======         ======
           strcpy                  00009DCB        ?Subroutine6 (OSAL)
                                                   _ltoa (OSAL)
               stack 1 = 00000000 ( 00000001 )
               stack 2 = 00000000 ( 00000008 )

    -------------------------------------------------------------------------
  LIBRARY MODULE, NAME : ?strlen

  SEGMENTS IN THE MODULE
  ======================
NEAR_CODE
  Relative segment, address: CODE 00009DF3 - 00009E0E (0x1c bytes), align: 0
  Segment part 6.
           ENTRY                   ADDRESS         REF BY
           =====                   =======         ======
           strlen                  00009DF3        ?Subroutine0 (OSAL)
                                                   osal_strlen (OSAL)
               stack 1 = 00000000 ( 00000002 )

    -------------------------------------------------------------------------
  LIBRARY MODULE, NAME : ?low_level_init

  SEGMENTS IN THE MODULE
  ======================
CSTART
  Relative segment, address: CODE 0000010B - 0000010D (0x3 bytes), align: 0
  Segment part 6. ROOT.
           ENTRY                   ADDRESS         REF BY
           =====                   =======         ======
           __low_level_init        0000010B        __low_level_init_call (?cmain)




                ****************************************
                *                                      *
                *      SEGMENTS IN ADDRESS ORDER       *
                *                                      *
                ****************************************


SEGMENT              SPACE    START ADDRESS   END ADDRESS     SIZE  TYPE  ALIGN
=======              =====    =============   ===========     ====  ====  =====
INTVEC               CODE          00000000 - 00000085          86   com    0
CSTART               CODE          00000086 - 0000010D          88   rel    0
RCODE                CODE          0000010E - 0000072E         621   rel    0
NEAR_CODE            CODE          0000072F - 00009E0E        96E0   rel    0
DATA_ID              CODE               00009E0F                     dse    0
IXDATA_ID            CODE               00009E0F                     dse    0
PDATA_ID             CODE               00009E0F                     dse    0
IDATA_ID             CODE               00009E0F                     dse    0
BIT_ID               CODE               00009E0F                     dse    0
BDATA_ID             CODE               00009E0F                     dse    0
XDATA_ID             CODE          00009E0F - 0000A198         38A   rel    0
CODE_C               CODE          0000A199 - 0000A49B         303   rel    0
REGISTERS            DATA          00000000 - 00000007           8   rel    0
VREG                 DATA          00000008 - 0000000F           8   rel    0
PSP                  DATA               00000010                     dse    0
XSP                  DATA          00000010 - 00000011           2   rel    0
BREG                 BIT        00000020.0  -  00000020.7        8   rel    0
SFR_AN               DATA          00000080 - 00000080           1   rel    0
                     DATA          00000086 - 00000087           2 
                     DATA          00000089 - 00000089           1 
                     DATA          0000008C - 0000008C           1 
                     DATA          0000008F - 00000091           3 
                     DATA          00000094 - 00000097           4 
                     DATA          0000009A - 0000009E           5 
                     DATA          000000A0 - 000000A9           A 
                     DATA          000000B4 - 000000B6           3 
                     DATA          000000B8 - 000000BE           7 
                     DATA          000000C0 - 000000C6           7 
                     DATA          000000CB - 000000CC           2 
                     DATA          000000CE - 000000CE           1 
                     DATA          000000D8 - 000000D9           2 
                     DATA          000000E1 - 000000E1           1 
                     DATA          000000E4 - 000000E9           6 
                     DATA          000000EB - 000000EC           2 
                     DATA          000000EE - 000000EE           1 
                     DATA          000000F1 - 000000F8           8 
                     DATA          000000FD - 000000FF           3 
XSTACK               XDATA         0000F000 - 0000F0FF         100   rel    0
XDATA_N              XDATA              0000F100                     dse    0
IXDATA_I             XDATA              0000F100                     dse    0
XDATA_Z              XDATA         0000F100 - 0000F8EA         7EB   rel    0
XDATA_I              XDATA         0000F8EB - 0000FC74         38A   rel    0
ISTACK               IDATA         000000C0 - 000000FF          40   rel    0

                ****************************************
                *                                      *
                *        END OF CROSS REFERENCE        *
                *                                      *
                ****************************************

 42 140 bytes of CODE  memory
     18 bytes of DATA  memory (+ 70 absolute )
  3 189 bytes of XDATA memory
     64 bytes of IDATA memory
      8 bits  of BIT   memory

Errors: none
Warnings: 1

